<entry>
<title> MARDS </title>
<sub> (Martian Automated Robotic Deployment Systems) </sub>
<img> img/mards-main.jpg </img>
<desc> Project designed to simulate the final stages of a descent of a lander on Martian ground. </desc>
<a> mards.html </a>
</entry>

<entry>
<title> Triads </title>
<sub> (Three type rockets) </sub>
<img> img/triads.jpg </img>
<desc> Project to construct three different types of rocket: Multi-stage, cluster and camera mounting to record the launch. </desc>
<a> # </a>
</entry>

<entry>
<title> MARDS </title>
<sub> (Martian Automated Robotic Deployment Systems) </sub>
<img> img/mards-main.jpg </img>
<desc> Project designed to simulate the final stages of a descent of a lander on Martian ground. </desc>
<a> mards.html </a>
</entry>

<entry>
<title> Triads </title>
<sub> (Three type rockets) </sub>
<img> img/triads.jpg </img>
<desc> Project to construct three different types of rocket: Multi-stage, cluster and camera mounting to record the launch. </desc>
<a> # </a>
</entry>
<entry>
<title> Triads </title>
<sub> (Three type rockets) </sub>
<img> img/triads.jpg </img>
<desc> Project to construct three different types of rocket: Multi-stage, cluster and camera mounting to record the launch. </desc>
<a> # </a>
</entry>
<entry>
<title> Triads </title>
<sub> (Three type rockets) </sub>
<img> img/triads.jpg </img>
<desc> Project to construct three different types of rocket: Multi-stage, cluster and camera mounting to record the launch. </desc>
<a> # </a>
</entry>